// Jest Snapshot v1, https://goo.gl/fbAQLP

exports[`Project Modal Test Suite Renders the ProjectModal successfully 1`] = `null`;
